; Cleared REPL history
CL-USER> *
NIL
CL-USER> (jclass "ai.djl.Application")
#<java class ai.djl.Application>
CL-USER> (jclass-methods * :declared t)
#(#<method public boolean ai.djl.Application.equals(java.lang.Object)>
  #<method public java.lang.String ai.djl.Application.toString()>
  #<method public int ai.djl.Application.hashCode()>
  #<method public boolean ai.djl.Application.matches(ai.djl.Application)>
  #<method public static ai.djl.Application ai.djl.Application.of(java.lang.String)>
  #<method public java.lang.String ai.djl.Application.getPath()>)
CL-USER> (jclass-methods * :public t)
; Debugger entered on #<TYPE-ERROR {31E28B3B}>
[1] CL-USER>
; Evaluation aborted on #<TYPE-ERROR {31E28B3B}>
CL-USER> (jclass-methods * :public t)
; Debugger entered on #<TYPE-ERROR {4947774A}>
[1] CL-USER>
; Evaluation aborted on #<TYPE-ERROR {4947774A}>
CL-USER> (jclass-methods * :declared t)
; Debugger entered on #<TYPE-ERROR {403ADF1A}>
[1] CL-USER>
; Evaluation aborted on #<TYPE-ERROR {403ADF1A}>
CL-USER> (jclass-methods #v1 :declared t)
#(#<method public boolean ai.djl.Application.equals(java.lang.Object)>
  #<method public java.lang.String ai.djl.Application.toString()>
  #<method public int ai.djl.Application.hashCode()>
  #<method public boolean ai.djl.Application.matches(ai.djl.Application)>
  #<method public static ai.djl.Application ai.djl.Application.of(java.lang.String)>
  #<method public java.lang.String ai.djl.Application.getPath()>)
CL-USER> (jclass-methods #v1 :declared t :public t)
#(#<method public boolean ai.djl.Application.equals(java.lang.Object)>
  #<method public java.lang.String ai.djl.Application.toString()>
  #<method public int ai.djl.Application.hashCode()>
  #<method public boolean ai.djl.Application.matches(ai.djl.Application)>
  #<method public static ai.djl.Application ai.djl.Application.of(java.lang.String)>
  #<method public java.lang.String ai.djl.Application.getPath()>)
CL-USER> (jmethod "ai.djl.Application" "of" "string")
; Debugger entered on #<ERROR {8201E8F}>
[1] CL-USER>
; Evaluation aborted on #<ERROR {8201E8F}>
CL-USER> (jmethod "ai.djl.Application" "of" "java.lang.String")
#<method public static ai.djl.Application ai.djl.Application.of(java.lang.String)>
CL-USER> (jcall #v5 #v1 "cv/object_detection")
#<ai.djl.Application CV.OBJECT_DETECTION {4A65CC3D}>
CL-USER> (jmethod "ai.djl.repository.zoo.Criteria$Builder" "optApplication" "ai.djl.Application")
#<method public ai.djl.repository.zoo.Criteria$Builder ai.djl.repository.zoo.Criteria$Builder.optApplication(ai.djl.Application)>
CL-USER> (jmethod "ai.djl.repository.zoo.Criteria" "builder")
#<method public static ai.djl.repository.zoo.Criteria$Builder ai.djl.repository.zoo.Criteria.builder()>
CL-USER> (jcall #v8 "ai.djl.repository.zoo.Criteria")
#<ai.djl.repository.zoo.Criteria$Builder ai.djl.repository.zoo.Criteria$B.... {2D0036C9}>
CL-USER> (jcall #v7 #v6)
; Debugger entered on #<PROGRAM-ERROR {636F9C2B}>
[1] CL-USER>
; Evaluation aborted on #<PROGRAM-ERROR {636F9C2B}>
CL-USER> (jcall #v7 #v9 #v6)
#<ai.djl.repository.zoo.Criteria$Builder ai.djl.repository.zoo.Criteria$B.... {3ACC2D04}>
CL-USER> (jclass "ai.djl.modality.Classifications")
#<java class ai.djl.modality.Classifications>
CL-USER> (jclass "ai.djl.modality.cv.Image")
#<java class ai.djl.modality.cv.Image>
CL-USER>

optFilter
public Criteria.Builder<I,O> optFilter(java.lang.String key,
                                       java.lang.String value)
Sets an extra search filter for this criteria.
Parameters:
key - the search key
value - the search value
Returns:
this Builder
