;
;
;          Take this REPL, brother, and may it serve you well.
;    |\      _,,,---,,_
;    /,`.-'`'    -.  ;-;;,_
;   |,4-  ) )-,_..;\ (  `'-'
;  '---''(_/--'  `-'\_)
;                       fxlee
;
; Dedicated output stream setup (port 39627)
; Redirecting all output to this MREPL
; SLY 1.0.43 (#<SLYNK-MREPL::MREPL mrepl-1-1>)
CL-USER> (ql:quickload :pair-generation)
To load "pair-generation":
  Load 1 ASDF system:
    pair-generation
; Loading "pair-generation"

(:PAIR-GENERATION)
CL-USER> (add-to-classpath "/home/alejandrozf/projects/pair-generation/lib/gson-2.8.9.jar")
T
CL-USER> (add-to-classpath "/home/alejandrozf/projects/pair-generation/lib/api-0.15.0-SNAPSHOT.jar")
T
CL-USER> (jmethod "ai.djl.repository.zoo.Criteria" "builder")
#<method public static ai.djl.repository.zoo.Criteria$Builder ai.djl.repository.zoo.Criteria.builder()>
CL-USER> (jmethod "ai.djl.repository.zoo.Criteria" "builder")
#<method public static ai.djl.repository.zoo.Criteria$Builder ai.djl.repository.zoo.Criteria.builder()>
CL-USER> (jcall #v3 "ai.djl.repository.zoo.Criteria")
#<ai.djl.repository.zoo.Criteria$Builder ai.djl.repository.zoo.Criteria$B.... {64F18DDD}>
CL-USER> (jmethod "ai.djl.Application" "of" "string")
; Debugger entered on #<ERROR {4727CA28}>
[1] CL-USER>
; Evaluation aborted on #<ERROR {4727CA28}>
CL-USER> (jmethod "ai.djl.Application" "of" "java.lang.String")
#<method public static ai.djl.Application ai.djl.Application.of(java.lang.String)>
CL-USER> (jclass "ai.djl.Application")
#<java class ai.djl.Application>
CL-USER> "cv/image_generation"
"cv/image_generation"
CL-USER> (jcall #v6 #v7 "cv/image_generation")
#<ai.djl.Application CV.IMAGE_GENERATION {A03B6DF}>
CL-USER> (jmethod "ai.djl.repository.zoo.Criteria$Builder" "optApplication" "ai.djl.Application")
#<method public ai.djl.repository.zoo.Criteria$Builder ai.djl.repository.zoo.Criteria$Builder.optApplication(ai.djl.Application)>
CL-USER> (jcall #v10 #v5 #v9)
#<ai.djl.repository.zoo.Criteria$Builder ai.djl.repository.zoo.Criteria$B.... {6359B27D}>
CL-USER> (jmethod "ai.djl.repository.zoo.Criteria$Builder" "setTypes" "java.lang.Integer[]" "ai.djl.modality.cv.Image[]")
; Debugger entered on #<ERROR {23B23D25}>
[1] CL-USER>
; Evaluation aborted on #<ERROR {23B23D25}>
CL-USER> (jmethod "ai.djl.repository.zoo.Criteria$Builder" "setTypes" "java.lang.Integer[]" "Image[]")
; Debugger entered on #<ERROR {4C8F7EED}>
[1] CL-USER>
; Evaluation aborted on #<ERROR {4C8F7EED}>
CL-USER> (jnew-array "ai.djl.modality.cv.Image" 10)
#<jarray [Lai.djl.modality.cv.Image;@1197.... {278B811C}>
CL-USER> (java::jclass-of *)
"[Lai.djl.modality.cv.Image;"
"[Lai.djl.modality.cv.Image;"
CL-USER> (jclass "[Lai.djl.modality.cv.Image;")
#<java class [Lai.djl.modality.cv.Image;>
CL-USER> (jmethod "ai.djl.repository.zoo.Criteria$Builder" "setTypes" "java.lang.Integer[]" "[Lai.djl.modality.cv.Image;")
; Debugger entered on #<ERROR {5C04E25D}>
[1] CL-USER>
; Evaluation aborted on #<ERROR {5C04E25D}>
CL-USER> (jmethod "ai.djl.repository.zoo.Criteria$Builder" "setTypes" "java.lang.Integer[]" "[Lai.djl.modality.cv.Image")
; Debugger entered on #<ERROR {72D0B8C9}>
[1] CL-USER>
; Evaluation aborted on #<ERROR {72D0B8C9}>
CL-USER> (jclass "ai.djl.repository.zoo.Criteria$Builder")
#<java class ai.djl.repository.zoo.Criteria$Builder>
CL-USER>
; No values
CL-USER> (jmethod "ai.djl.repository.zoo.Criteria$Builder" "setTypes" "java.lang.Class" "java.lang.Class")
#<method public ai.djl.repository.zoo.Criteria$Builder ai.djl.repository.zoo.Criteria$Builder.setTypes(java.lang.Class,java.lang.Class)>
CL-USER> (jclass "int[]")
#<java class [I>
CL-USER> (jclass "[Lai.djl.modality.cv.Image")
; Debugger entered on #<ERROR {4B8A8CC7}>
[1] CL-USER>
; Evaluation aborted on #<ERROR {4B8A8CC7}>
CL-USER> (jclass "[Lai.djl.modality.cv.Image;")
#<java class [Lai.djl.modality.cv.Image;>
CL-USER> (jcall #v16 #v11  #v17 #v18)
#<ai.djl.repository.zoo.Criteria$Builder ai.djl.repository.zoo.Criteria$B.... {6A685004}>
CL-USER> (jmethod "ai.djl.repository.zoo.Criteria$Builder" "optFilter" "string" "string")
; Debugger entered on #<ERROR {4040F267}>
[1] CL-USER>
; Evaluation aborted on #<ERROR {4040F267}>
CL-USER> (jmethod "ai.djl.repository.zoo.Criteria$Builder" "optFilter" "java.lang.String" "java.lang.String")
#<method public ai.djl.repository.zoo.Criteria$Builder ai.djl.repository.zoo.Criteria$Builder.optFilter(java.lang.String,java.lang.String)>
CL-USER> (jcall #v20 #v19 "size" "256")
#<ai.djl.repository.zoo.Criteria$Builder ai.djl.repository.zoo.Criteria$B.... {1697351F}>
CL-USER> (jmethod "ai.djl.repository.zoo.Criteria$Builder" "optArgument" "java.lang.String" "float")
; Debugger entered on #<ERROR {1E3D3708}>
[1] CL-USER>
; Evaluation aborted on #<ERROR {1E3D3708}>
CL-USER> (jmethod "ai.djl.repository.zoo.Criteria$Builder" "optArgument" "java.lang.String" "java.lang.Object")
#<method public ai.djl.repository.zoo.Criteria$Builder ai.djl.repository.zoo.Criteria$Builder.optArgument(java.lang.String,java.lang.Object)>
CL-USER> (jcall #v21 #v22 "truncation" 0.4)
; Debugger entered on #<JAVA-EXCEPTION java.lang.ClassCastException: class ai.djl.repository.zoo.Criteria$Builder cannot be cast to class java.lang.reflect.Method (ai.djl.repository.zoo.Criteria$Builder is in unnamed module of loader org.armedbear.lisp.JavaClassLoader @868f42c; java.lang.reflect.Method is in module java.base of loader 'bootstrap') {41BAD662}>
[1] CL-USER>
; Evaluation aborted on #<JAVA-EXCEPTION java.lang.ClassCastException: class ai.djl.repository.zoo.Criteria$Builder cannot be cast to class java.lang.reflect.Method (ai.djl.repository.zoo.Criteria$Builder is in unnamed module of loader org.armedbear.lisp.JavaClassLoader @868f42c; java.lang.reflect.Method is in module java.base of loader 'bootstrap') {41BAD662}>
CL-USER> (jcall #v21 #v22 "truncation" "0.4f")
; Debugger entered on #<JAVA-EXCEPTION java.lang.ClassCastException: class ai.djl.repository.zoo.Criteria$Builder cannot be cast to class java.lang.reflect.Method (ai.djl.repository.zoo.Criteria$Builder is in unnamed module of loader org.armedbear.lisp.JavaClassLoader @868f42c; java.lang.reflect.Method is in module java.base of loader 'bootstrap') {33ABD43C}>
[1] CL-USER>
; Evaluation aborted on #<JAVA-EXCEPTION java.lang.ClassCastException: class ai.djl.repository.zoo.Criteria$Builder cannot be cast to class java.lang.reflect.Method (ai.djl.repository.zoo.Criteria$Builder is in unnamed module of loader org.armedbear.lisp.JavaClassLoader @868f42c; java.lang.reflect.Method is in module java.base of loader 'bootstrap') {33ABD43C}>
CL-USER> #v21
#<ai.djl.repository.zoo.Criteria$Builder ai.djl.repository.zoo.Criteria$B.... {1697351F}>
CL-USER> #v22
#<method public ai.djl.repository.zoo.Criteria$Builder ai.djl.repository.zoo.Criteria$Builder.optArgument(java.lang.String,java.lang.Object)>
CL-USER> (jclass "float")
#<java class float>
CL-USER> (jnew "float" 0.4)
; Debugger entered on #<JAVA-EXCEPTION java.lang.NoSuchMethodException: float(java.lang.Float) {2BED0EF5}>
[1] CL-USER>
; Evaluation aborted on #<JAVA-EXCEPTION java.lang.NoSuchMethodException: float(java.lang.Float) {2BED0EF5}>
CL-USER> (jnew "float" 0.4f)
; Debugger entered on #<UNBOUND-VARIABLE 0.4F {319DA3B4}>
[1] CL-USER>
; Evaluation aborted on #<UNBOUND-VARIABLE 0.4F {319DA3B4}>
CL-USER> (jnew "float" "0.4f")
; Debugger entered on #<JAVA-EXCEPTION java.lang.NoSuchMethodException: float(java.lang.String) {7027A14C}>
[1] CL-USER>
; Evaluation aborted on #<JAVA-EXCEPTION java.lang.NoSuchMethodException: float(java.lang.String) {7027A14C}>
CL-USER> (jclass "float")
#<java class float>
CL-USER> (describe *)
#<java.lang.Class float {3401575F}> is an object of type JAVA-OBJECT.
The wrapped Java object is an instance of java.lang.Class:
  "float"
; No values
CL-USER> (jcall #v21 #v22 "truncation" 0.5)
; Debugger entered on #<JAVA-EXCEPTION java.lang.ClassCastException {29D0D9B3}>
[1] CL-USER>
; Evaluation aborted on #<JAVA-EXCEPTION java.lang.ClassCastException {29D0D9B3}>
CL-USER> (jclass "ai.djl.repository.zoo.Criteria$Builder")
#<java class ai.djl.repository.zoo.Criteria$Builder>
CL-USER> (jnew "java.lang.Object" 0.4)
; Debugger entered on #<JAVA-EXCEPTION java.lang.NoSuchMethodException: Object(java.lang.Float) {4EFBFAC6}>
[1] CL-USER>
; Evaluation aborted on #<JAVA-EXCEPTION java.lang.NoSuchMethodException: Object(java.lang.Float) {4EFBFAC6}>
CL-USER> (jclass "float")
#<java class float>
CL-USER> (jclass-methods *)
#()
CL-USER> (jclass-field *)
; Debugger entered on #<PROGRAM-ERROR {6056A81}>
[1] CL-USER>
; Evaluation aborted on #<PROGRAM-ERROR {6056A81}>
CL-USER> (jclass-field **)
; Debugger entered on #<PROGRAM-ERROR {6841B9FE}>
[1] CL-USER>
; Evaluation aborted on #<PROGRAM-ERROR {6841B9FE}>
CL-USER> (jclass-fields **)
#()
CL-USER> #v21
#<ai.djl.repository.zoo.Criteria$Builder ai.djl.repository.zoo.Criteria$B.... {1697351F}>
CL-USER> (jfield #v21 "arguments")
; Debugger entered on #<ERROR {7BE3DA9E}>
[1] CL-USER>
; Evaluation aborted on #<ERROR {7BE3DA9E}>
CL-USER> (jfield "ai.djl.repository.zoo.Criteria$Builder" "arguments" #v21)
; Debugger entered on #<ERROR {1D8223B5}>
[1] CL-USER>
; Evaluation aborted on #<ERROR {1D8223B5}>
CL-USER> (jfield "ai.djl.repository.zoo.Criteria$Builder" #v21)
; Debugger entered on #<ERROR {6AAB1BC5}>
[1] CL-USER>
; Evaluation aborted on #<ERROR {6AAB1BC5}>
CL-USER> (jfield #v21 "arguments")
; Debugger entered on #<ERROR {4F04F502}>
[1] CL-USER>
; Evaluation aborted on #<ERROR {4F04F502}>
CL-USER> (jclass-field #v21 "arguments")
; Debugger entered on #<ERROR {28BDCC98}>
[1] CL-USER>
; Evaluation aborted on #<ERROR {28BDCC98}>
CL-USER> (jclass-field "ai.djl.repository.zoo.Criteria$Builder"  "arguments")
; Debugger entered on #<JAVA-EXCEPTION java.lang.NoSuchFieldException: arguments {42D3BC84}>
[1] CL-USER>
; Evaluation aborted on #<JAVA-EXCEPTION java.lang.NoSuchFieldException: arguments {42D3BC84}>
CL-USER> (jclass-field "ai.djl.repository.zoo.Criteria$Builder" "arguments")
; Debugger entered on #<JAVA-EXCEPTION java.lang.NoSuchFieldException: arguments {4DC82BB3}>
[1] CL-USER>
; Evaluation aborted on #<JAVA-EXCEPTION java.lang.NoSuchFieldException: arguments {4DC82BB3}>
CL-USER> (jfield-raw  "ai.djl.repository.zoo.Criteria$Builder" "arguments")
; Debugger entered on #<ERROR {587717EC}>
[1] CL-USER>
; Evaluation aborted on #<ERROR {587717EC}>
CL-USER> (jfield-raw  "ai.djl.repository.zoo.Criteria$Builder" "arguments")
; Debugger entered on #<ERROR {2A13EFDF}>
[1] CL-USER>
; Evaluation aborted on #<ERROR {2A13EFDF}>
CL-USER> (jfield-raw  "ai.djl.repository.zoo.Criteria" "arguments")
; Debugger entered on #<ERROR {612590C8}>
[1] CL-USER>
; Evaluation aborted on #<ERROR {612590C8}>
CL-USER> #v21
#<ai.djl.repository.zoo.Criteria$Builder ai.djl.repository.zoo.Criteria$B.... {1697351F}>
CL-USER> (jclass-fields "ai.djl.repository.zoo.Criteria$Builder")
#()
CL-USER> (jclass-fields "ai.djl.repository.zoo.Criteria")
#()
CL-USER> (jclass-methods "ai.djl.repository.zoo.Criteria")
#(#<method public java.lang.String ai.djl.repository.zoo.Criteria.toString()>
  #<method public static ai.djl.repository.zoo.Criteria$Builder ai.djl.repository.zoo.Criteria.builder()>
  #<method public java.lang.String ai.djl.repository.zoo.Criteria.getEngine()>
  #<method public java.lang.String ai.djl.repository.zoo.Criteria.getGroupId()>
  #<method public java.lang.String ai.djl.repository.zoo.Criteria.getArtifactId()>
  #<method public ai.djl.repository.zoo.ModelZoo ai.djl.repository.zoo.Criteria.getModelZoo()>
  #<method public java.util.Map ai.djl.repository.zoo.Criteria.getFilters()>
  #<method public java.util.Map ai.djl.repository.zoo.Criteria.getArguments()>
  #<method public java.util.Map ai.djl.repository.zoo.Criteria.getOptions()>
  #<method public ai.djl.translate.TranslatorFactory ai.djl.repository.zoo.Criteria.getTranslatorFactory()>
  #<method public java.lang.String ai.djl.repository.zoo.Criteria.getModelName()>
  #<method public ai.djl.util.Progress ai.djl.repository.zoo.Criteria.getProgress()>
  #<method public ai.djl.repository.zoo.ZooModel ai.djl.repository.zoo.Criteria.loadModel() throws java.io.IOException,ai.djl.repository.zoo.ModelNotFoundException,ai.djl.MalformedModelException>
  #<method public ai.djl.Application ai.djl.repository.zoo.Criteria.getApplication()>
  #<method public java.lang.Class ai.djl.repository.zoo.Criteria.getInputClass()>
  #<method public java.lang.Class ai.djl.repository.zoo.Criteria.getOutputClass()>
  #<method public ai.djl.Device ai.djl.repository.zoo.Criteria.getDevice()>
  #<method public ai.djl.nn.Block ai.djl.repository.zoo.Criteria.getBlock()>
  #<method public final native void java.lang.Object.wait(long) throws java.lang.InterruptedException>
  #<method public final void java.lang.Object.wait(long,int) throws java.lang.InterruptedException>
  #<method public final void java.lang.Object.wait() throws java.lang.InterruptedException>
  #<method public boolean java.lang.Object.equals(java.lang.Object)>
  #<method public native int java.lang.Object.hashCode()>
  #<method public final native java.lang.Class java.lang.Object.getClass()>
  #<method public final native void java.lang.Object.notify()>
  #<method public final native void java.lang.Object.notifyAll()>)
CL-USER> (jclass-fields "ai.djl.repository.zoo.Criteria$Builder")
#()
CL-USER> (jclass-methods "ai.djl.repository.zoo.Criteria$Builder")
#(#<method public ai.djl.repository.zoo.Criteria ai.djl.repository.zoo.Criteria$Builder.build()>
  #<method public ai.djl.repository.zoo.Criteria$Builder ai.djl.repository.zoo.Criteria$Builder.optTranslatorFactory(ai.djl.translate.TranslatorFactory)>
  #<method public ai.djl.repository.zoo.Criteria$Builder ai.djl.repository.zoo.Criteria$Builder.optProgress(ai.djl.util.Progress)>
  #<method public ai.djl.repository.zoo.Criteria$Builder ai.djl.repository.zoo.Criteria$Builder.setTypes(java.lang.Class,java.lang.Class)>
  #<method public ai.djl.repository.zoo.Criteria$Builder ai.djl.repository.zoo.Criteria$Builder.optApplication(ai.djl.Application)>
  #<method public ai.djl.repository.zoo.Criteria$Builder ai.djl.repository.zoo.Criteria$Builder.optEngine(java.lang.String)>
  #<method public ai.djl.repository.zoo.Criteria$Builder ai.djl.repository.zoo.Criteria$Builder.optDevice(ai.djl.Device)>
  #<method public ai.djl.repository.zoo.Criteria$Builder ai.djl.repository.zoo.Criteria$Builder.optGroupId(java.lang.String)>
  #<method public ai.djl.repository.zoo.Criteria$Builder ai.djl.repository.zoo.Criteria$Builder.optArtifactId(java.lang.String)>
  #<method public ai.djl.repository.zoo.Criteria$Builder ai.djl.repository.zoo.Criteria$Builder.optModelUrls(java.lang.String)>
  #<method public ai.djl.repository.zoo.Criteria$Builder ai.djl.repository.zoo.Criteria$Builder.optModelPath(java.nio.file.Path)>
  #<method public ai.djl.repository.zoo.Criteria$Builder ai.djl.repository.zoo.Criteria$Builder.optModelZoo(ai.djl.repository.zoo.ModelZoo)>
  #<method public ai.djl.repository.zoo.Criteria$Builder ai.djl.repository.zoo.Criteria$Builder.optFilters(java.util.Map)>
  #<method public ai.djl.repository.zoo.Criteria$Builder ai.djl.repository.zoo.Criteria$Builder.optFilter(java.lang.String,java.lang.String)>
  #<method public ai.djl.repository.zoo.Criteria$Builder ai.djl.repository.zoo.Criteria$Builder.optBlock(ai.djl.nn.Block)>
  #<method public ai.djl.repository.zoo.Criteria$Builder ai.djl.repository.zoo.Criteria$Builder.optModelName(java.lang.String)>
  #<method public ai.djl.repository.zoo.Criteria$Builder ai.djl.repository.zoo.Criteria$Builder.optArguments(java.util.Map)>
  #<method public ai.djl.repository.zoo.Criteria$Builder ai.djl.repository.zoo.Criteria$Builder.optArgument(java.lang.String,java.lang.Object)>
  #<method public ai.djl.repository.zoo.Criteria$Builder ai.djl.repository.zoo.Criteria$Builder.optOptions(java.util.Map)>
  #<method public ai.djl.repository.zoo.Criteria$Builder ai.djl.repository.zoo.Criteria$Builder.optOption(java.lang.String,java.lang.String)>
  #<method public ai.djl.repository.zoo.Criteria$Builder ai.djl.repository.zoo.Criteria$Builder.optTranslator(ai.djl.translate.Translator)>
  #<method public final native void java.lang.Object.wait(long) throws java.lang.InterruptedException>
  #<method public final void java.lang.Object.wait(long,int) throws java.lang.InterruptedException>
  #<method public final void java.lang.Object.wait() throws java.lang.InterruptedException>
  #<method public boolean java.lang.Object.equals(java.lang.Object)>
  #<method public java.lang.String java.lang.Object.toString()>
  #<method public native int java.lang.Object.hashCode()>
  #<method public final native java.lang.Class java.lang.Object.getClass()>
  #<method public final native void java.lang.Object.notify()>
  #<method public final native void java.lang.Object.notifyAll()>)
CL-USER> (jcall #v20 #v19 "size" "256")
#<ai.djl.repository.zoo.Criteria$Builder ai.djl.repository.zoo.Criteria$B.... {135F296F}>
CL-USER>
; No values
CL-USER> (jcall #v21 #v22 "truncation" 0.5)
; Debugger entered on #<JAVA-EXCEPTION java.lang.ClassCastException {7295D5FC}>
[1] CL-USER>
; Evaluation aborted on #<JAVA-EXCEPTION java.lang.ClassCastException {7295D5FC}>
CL-USER> (jcall #v21 #v22 "truncation" 0.5)
; Debugger entered on #<JAVA-EXCEPTION java.lang.ClassCastException {2D459802}>
[1] CL-USER>
; Evaluation aborted on #<JAVA-EXCEPTION java.lang.ClassCastException {2D459802}>
CL-USER> #v21
#<ai.djl.repository.zoo.Criteria$Builder ai.djl.repository.zoo.Criteria$B.... {1697351F}>
CL-USER> (jcall #v21 #v22 "truncation" 0.5)
; Debugger entered on #<JAVA-EXCEPTION java.lang.ClassCastException {186A4BAC}>
[1] CL-USER>
; Evaluation aborted on #<JAVA-EXCEPTION java.lang.ClassCastException {186A4BAC}>
CL-USER> #22
; Debugger entered on #<END-OF-FILE {1B6E2A9B}>
[1] CL-USER>
; Evaluation aborted on #<END-OF-FILE {1B6E2A9B}>
CL-USER> #v22
#<method public ai.djl.repository.zoo.Criteria$Builder ai.djl.repository.zoo.Criteria$Builder.optArgument(java.lang.String,java.lang.Object)>
CL-USER> #v21
#<ai.djl.repository.zoo.Criteria$Builder ai.djl.repository.zoo.Criteria$B.... {1697351F}>
CL-USER> #v22
#<method public ai.djl.repository.zoo.Criteria$Builder ai.djl.repository.zoo.Criteria$Builder.optArgument(java.lang.String,java.lang.Object)>
CL-USER> 0.4
0.4 (40.0%)
CL-USER> (jmethod "org.armedbear.lisp.LispObject" "getInstance")
; Debugger entered on #<ERROR {2A0AE255}>
[1] CL-USER>
; Evaluation aborted on #<ERROR {2A0AE255}>
CL-USER> (jmethod "org.armedbear.lisp.LispObject" "javaInstance")
#<method public java.lang.Object org.armedbear.lisp.LispObject.javaInstance()>
CL-USER> (jcall #v44 0.4)
; Debugger entered on #<JAVA-EXCEPTION java.lang.IllegalArgumentException: object is not an instance of declaring class {33176EF4}>
[1] CL-USER>
; Evaluation aborted on #<JAVA-EXCEPTION java.lang.IllegalArgumentException: object is not an instance of declaring class {33176EF4}>
CL-USER> (jcall #v44 (jnew "org.armedbear.lisp.LispObject" 0.4))
; Debugger entered on #<JAVA-EXCEPTION java.lang.NoSuchMethodException: LispObject(java.lang.Float) {5A93E6A3}>
[1] CL-USER>
; Evaluation aborted on #<JAVA-EXCEPTION java.lang.NoSuchMethodException: LispObject(java.lang.Float) {5A93E6A3}>
CL-USER> (jclass "org.armedbear.lisp.LispObject")
#<java class org.armedbear.lisp.LispObject>
CL-USER> (jmethod "org.armedbear.lisp.LispObject" "read")
; Debugger entered on #<ERROR {44E6EA43}>
[1] CL-USER>
; Evaluation aborted on #<ERROR {44E6EA43}>
CL-USER>
